// Jest Snapshot v1, https://goo.gl/fbAQLP

exports[`PageViewFactory returns a component that renders correctly when given pure text 1`] = `
<div
  className="container custom theme"
  dangerouslySetInnerHTML={
    Object {
      "__html": "some text",
    }
  }
/>
`;
